 gcc -g p5final.c
 gdb a.out
GNU gdb (Ubuntu 8.1.1-0ubuntu1) 8.1.1
Copyright (C) 2018 Free Software Foundation, Inc.
License GPLv3+: GNU GPL version 3 or later <http://gnu.org/licenses/gpl.html>
This is free software: you are free to change and redistribute it.
There is NO WARRANTY, to the extent permitted by law.  Type "show copying"
and "show warranty" for details.
This GDB was configured as "x86_64-linux-gnu".
Type "show configuration" for configuration details.
For bug reporting instructions, please see:
<http://www.gnu.org/software/gdb/bugs/>.
Find the GDB manual and other documentation resources online at:
<http://www.gnu.org/software/gdb/documentation/>.
For help, type "help".
Type "apropos word" to search for commands related to "word"...
Reading symbols from a.out...done.
(gdb) b main
Breakpoint 1 at 0x876: file p5final.c, line 28.
(gdb) r
Starting program: /home/runner/IA1-Revision/a.out 
warning: Error disabling address space randomization: Operation not permitted

Breakpoint 1, main () at p5final.c:28
28    n=input();
(gdb) s
input () at p5final.c:4
4   {
(gdb) s
6     printf("Enter a number\n");
(gdb) n
Enter a number
7     scanf("%f",&n);
(gdb) n
4
8     return n;
(gdb) n
9   }
(gdb) p n
$1 = 4
(gdb) s
main () at p5final.c:29
29    sqrt_result=my_sqrt(n);
(gdb) s
my_sqrt (n=4) at p5final.c:12
12    float sqrt_result,temp=0;
(gdb) n
13    sqrt_result = n/2;
(gdb) n
14    while(fabs(sqrt_result - temp)>0.0000001)
(gdb) n
16      temp = sqrt_result;
(gdb) n
17      sqrt_result = ((n/temp)+temp)/2;
(gdb) n
14    while(fabs(sqrt_result - temp)>0.0000001)
(gdb) n
19    return sqrt_result;
(gdb) n
20  }
(gdb) p sqrt_result
$2 = 2
(gdb) n
main () at p5final.c:30
30    output(n,sqrt_result);
(gdb) s
output (n=4, sqrt_result=2) at p5final.c:23
23    printf("square root of %f is %f\n",n,sqrt_result);
(gdb) n
square root of 4.000000 is 2.000000
24  }
(gdb) n
main () at p5final.c:31
31    return 0;
(gdb) n
32  }(gdb) c
Continuing.
[Inferior 1 (process 114) exited normally]
(gdb) 